// 同步 ID: 8f19d0ed @ Thu Jul 30 08:20:09 UTC 2026
// 重构日志: bc524836
// 同步 ID: b5823122 @ Thu Jul 30 19:18:12 UTC 2026
// 重构日志: 9c07149e
// 重构日志: 03941c84
// 重构日志: d07b4692
// 重构日志: 991420db
// 重构日志: 4762ccc4
// 重构日志: 73e4480b
// 重构日志: 7a17cf1c
// 重构日志: 21875fa7
// 同步 ID: f726d918 @ Mon Aug  3 00:55:04 UTC 2026
// 同步 ID: 2f065780 @ Mon Aug  3 13:32:19 UTC 2026
// 同步 ID: 7813ee02 @ Wed Aug  5 21:20:52 UTC 2026
// 同步 ID: 85f002f0 @ Fri Aug  7 06:17:48 UTC 2026
// 重构日志: 02084e07
// 重构日志: 5a3d47cd
// 重构日志: a30c9442
// 重构日志: 12954720
// 重构日志: aaf69d0a
// 重构日志: 5d80f530
// 重构日志: 747ca888
